Config file written to: C:\Users\Number3\Documenten\GitHub\OTGW-firmware\arduino\arduino-cli.yaml

Downloading index: package_index.tar.bz2 0 B / 92.58 KiB    0.00%
Downloading index: package_index.tar.bz2 downloaded

Downloading index: package_esp8266com_index.json 0 B / 115.24 KiB    0.00%
Downloading index: package_esp8266com_index.json 0 B / 115.24 KiB    0.00%
Downloading index: package_esp8266com_index.json 16.00 KiB / 115.24 KiB   13.88% 00m02s
Downloading index: package_esp8266com_index.json downloaded
Platform esp8266:esp8266@2.7.4 already installed

Downloading index: library_index.tar.bz2 0 B / 3.72 MiB    0.00%
Downloading index: library_index.tar.bz2 0 B / 3.72 MiB    0.00%
Downloading index: library_index.tar.bz2 123.11 KiB / 3.72 MiB    3.23% 00m12s
Downloading index: library_index.tar.bz2 419.11 KiB / 3.72 MiB   11.00% 00m05s
Downloading index: library_index.tar.bz2 547.11 KiB / 3.72 MiB   14.35% 00m04s
Downloading index: library_index.tar.bz2 856.00 KiB / 3.72 MiB   22.46% 00m03s
Downloading index: library_index.tar.bz2 856.00 KiB / 3.72 MiB   22.46% 00m03s
Downloading index: library_index.tar.bz2 1.05 MiB / 3.72 MiB   28.34% 00m03s
Downloading index: library_index.tar.bz2 1.15 MiB / 3.72 MiB   30.85% 00m03s
Downloading index: library_index.tar.bz2 1.45 MiB / 3.72 MiB   39.04% 00m02s
Downloading index: library_index.tar.bz2 1.63 MiB / 3.72 MiB   43.87% 00m02s
Downloading index: library_index.tar.bz2 1.63 MiB / 3.72 MiB   43.87% 00m02s
Downloading index: library_index.tar.bz2 2.05 MiB / 3.72 MiB   55.20% 00m01s
Downloading index: library_index.tar.bz2 2.10 MiB / 3.72 MiB   56.46% 00m02s
Downloading index: library_index.tar.bz2 2.77 MiB / 3.72 MiB   74.51%
Downloading index: library_index.tar.bz2 2.81 MiB / 3.72 MiB   75.45%
Downloading index: library_index.tar.bz2 2.81 MiB / 3.72 MiB   75.45%
Downloading index: library_index.tar.bz2 2.93 MiB / 3.72 MiB   78.71%
Downloading index: library_index.tar.bz2 3.06 MiB / 3.72 MiB   82.15%
Downloading index: library_index.tar.bz2 3.06 MiB / 3.72 MiB   82.15%
Downloading index: library_index.tar.bz2 3.06 MiB / 3.72 MiB   82.15%
Downloading index: library_index.tar.bz2 3.06 MiB / 3.72 MiB   82.15%
Downloading index: library_index.tar.bz2 3.33 MiB / 3.72 MiB   89.41%
Downloading index: library_index.tar.bz2 3.38 MiB / 3.72 MiB   90.88%
Downloading index: library_index.tar.bz2 3.48 MiB / 3.72 MiB   93.40%
Downloading index: library_index.tar.bz2 downloaded
