T00000300
BC0000300
T10012800
BD0012800
T80190000
B40192D00
T00000300
BC000030A
T801C0000
BC01C2300
T00110000
BC0110000
T00000300
B40000302
T00120000
BC0120180
T801A0000
BC01A3200
T00000300
B4000030E
T90181400
B50181400
T90101480
B50101480
T00000300
B40000308
T001B0000
BC01B0A00
T80380000
BC0383700
T00390000
BC0395000
T00000300
B4000030B
T90012880
B50012880
T80190000
BC0192D40
T00000300
BC0000303
T801C0000
B401C2340
T00110000
B40110200
T00000300
BC000030A
T00120000
BC0120183
T801A0000
B401A321A
T00000300
BC0000300
T1018140D
BD018140D
T90101500
B50101500
T00000300
BC000030A
T001B0000
B401B09E6
T80380000
BC0383800
T00390000
B40394F00
T00000300
B40000302
T90012900
B50012900
T80190000
BC0192D80
T00000300
B4000030E
T801C0000
B401C2380
T00110000
B40110400
T00000300
B40000308
T00120000
BC0120185
T801A0000
BC01A3233
T00000300
B4000030B
T1018141A
BD018141A
T10101580
BD0101580
T00000300
BC0000303
T001B0000
B401B09CD
T80380000
B40383900
T00390000
BC0394E00
T00000300
BC000030A
T10012980
BD0012980
T80190000
B40192DC0
T00000300
BC0000300
T801C0000
BC01C23C0
T00110000
BC0110600
T00000300
BC000030A
T00120000
B40120188
T801A0000
BC01A324D
T00000300
B40000302
T10181426
BD0181426
T90101600
B50101600
T00000300
B4000030E
T001B0000
B401B09B3
T80380000
BC0383700
T00390000
BC0394D00
T00000300
B40000308
T90012A00
B50012A00
T80190000
B40192E00
T00000300
B4000030B
T801C0000
B401C2400
T00110000
B40110800
T00000300
BC0000303
T00120000
BC012018A
T801A0000
BC01A3266
T00000300
BC000030A
T90181433
B50181433
T90101480
B50101480
T00000300
BC0000300
T001B0000
BC01B099A
T80380000
BC0383800
T00390000
B40394C00
T00000300
BC000030A
T10012A80
BD0012A80
T80190000
BC0192E40
T00000300
B40000302
T801C0000
BC01C2440
T00110000
BC0110A00
T00000300
B4000030E
T00120000
B4012018D
T801A0000
B401A3280
T00000300
B40000308
T10181440
BD0181440
T90101500
B50101500
T00000300
B4000030B
T001B0000
B401B0980
T80380000
B40383900
T00390000
BC0395000
T00000300
BC0000303
T10012B00
BD0012B00
T80190000
BC0192E80
T00000300
BC000030A
T801C0000
BC01C2480
T00110000
BC0110C00
T00000300
BC0000300
T00120000
BC012018F
T801A0000
BC01A329A
T00000300
BC000030A
T9018144D
B5018144D
T10101580
BD0101580
T00000300
B40000302
T001B0000
BC01B0966
T80380000
BC0383700
T00390000
B40394F00
T00000300
B4000030E
T90012B80
B50012B80
T80190000
B40192EC0
T00000300
B40000308
T801C0000
B401C24C0
T00110000
B40110E00
T00000300
B4000030B
T00120000
BC0120192
T801A0000
B401A32B3
T00000300
BC0000303
T9018145A
B5018145A
T90101600
B50101600
T00000300
BC000030A
T001B0000
BC01B094D
T80380000
BC0383800
T00390000
BC0394E00
T00000300
BC0000300
T90012C00
B50012C00
T80190000
BC0192F00
T00000300
BC000030A
T801C0000
BC01C2500
T00110000
B40111000
T00000300
B40000302
T00120000
BC0120194
T801A0000
B401A32CD
T00000300
B4000030E
T90181466
B50181466
T90101480
B50101480
T00000300
B40000308
T001B0000
BC01B0933
T80380000
B40383900
T00390000
BC0394D00
T00000300
B4000030B
T10012C80
BD0012C80
T80190000
B40192F40
T00000300
BC0000303
T801C0000
B401C2540
T00110000
BC0111200
T00000300
BC000030A
T00120000
BC0120197
T801A0000
B401A32E6
T00000300
BC0000300
T10181473
BD0181473
T90101500
B50101500
T00000300
BC000030A
T001B0000
B401B091A
T80380000
BC0383700
T00390000
B40394C00
T00000300
B40000302
T10012D00
BD0012D00
T80190000
B40192F80
T00000300
B4000030E
T801C0000
B401C2580
T00110000
BC0111400
T00000300
B40000308
T00120000
BC0120180
T801A0000
B401A3300
T00000300
B4000030B
T10181480
BD0181480
T10101580
BD0101580
T00000300
BC0000303
T001B0000
BC01B0900
T80380000
BC0383800
T00390000
BC0395000
T00000300
BC000030A
T90012D80
B50012D80
T80190000
BC0192FC0
T00000300
BC0000300
T801C0000
BC01C25C0
T00110000
B40111600
T00000300
BC000030A
T00120000
BC0120183
T801A0000
BC01A331A
T00000300
B40000302
T9018148D
B5018148D
T90101600
B50101600
T00000300
B4000030E
T001B0000
BC01B08E6
T80380000
B40383900
T00390000
B40394F00
T00000300
B40000308
T10012E00
BD0012E00
T80190000
B40193000
T00000300
B4000030B
T801C0000
BC01C2600
T00110000
BC0111800
T00000300
BC0000303
T00120000
BC0120185
T801A0000
B401A3333
T00000300
BC000030A
T9018149A
B5018149A
T90101480
B50101480
T00000300
BC0000300
T001B0000
BC01B08CD
T80380000
BC0383700
T00390000
BC0394E00
T00000300
BC000030A
T90012E80
B50012E80
T80190000
BC0193040
T00000300
B40000302
T801C0000
B401C2640
T00110000
B40111A00
T00000300
B4000030E
T00120000
B40120188
T801A0000
B401A334D
T00000300
B40000308
T901814A6
B501814A6
T90101500
B50101500
T00000300
B4000030B
T001B0000
BC01B08B3
T80380000
BC0383800
T00390000
BC0394D00
T00000300
BC0000303
T90012F00
B50012F00
T80190000
BC0193080
T00000300
BC000030A
T801C0000
B401C2680
T00110000
B40111C00
T00000300
BC0000300
T00120000
BC012018A
T801A0000
B401A3366
T00000300
BC000030A
T101814B3
BD01814B3
T10101580
BD0101580
T00000300
B40000302
T001B0000
B401B089A
T80380000
B40383900
T00390000
B40394C00
T00000300
B4000030E
T10012F80
BD0012F80
T80190000
B401930C0
T00000300
B40000308
T801C0000
BC01C26C0
T00110000
BC0111E00
T00000300
B4000030B
T00120000
B4012018D
T801A0000
BC01A3380
T00000300
BC0000303
T901814C0
B501814C0
T90101600
B50101600
T00000300
BC000030A
T001B0000
BC01B0880
T80380000
BC0383700
T00390000
BC0395000
T00000300
BC0000300
T10013000
BD0013000
T80190000
BC0193100
T00000300
BC000030A
T801C0000
B401C2700
T00110000
B40112000
T00000300
B40000302
T00120000
BC012018F
T801A0000
B401A339A
T00000300
B4000030E
T101814CD
BD01814CD
T90101480
B50101480
T00000300
B40000308
T001B0000
B401B0866
T80380000
BC0383800
T00390000
B40394F00
T00000300
B4000030B
T90013080
B50013080
T80190000
B40193140
T00000300
BC0000303
T801C0000
BC01C2740
T00110000
BC0112200
T00000300
BC000030A
T00120000
BC0120192
T801A0000
BC01A33B3
T00000300
BC0000300
T101814DA
BD01814DA
T90101500
B50101500
T00000300
BC000030A
T001B0000
B401B084D
T80380000
B40383900
T00390000
BC0394E00
T00000300
B40000302
T90013100
B50013100
T80190000
B40193180
T00000300
B4000030E
T801C0000
BC01C2780
T00110000
BC0112400
T00000300
B40000308
T00120000
BC0120194
T801A0000
BC01A33CD
T00000300
B4000030B
T101814E6
BD01814E6
T10101580
BD0101580
T00000300
BC0000303
T001B0000
B401B0833
T80380000
BC0383700
T00390000
BC0394D00
T00000300
BC000030A
T10013180
BD0013180
T80190000
BC01931C0
T00000300
BC0000300
T801C0000
B401C27C0
T00110000
B40112600
T00000300
BC000030A
T00120000
BC0120197
T801A0000
BC01A33E6
T00000300
B40000302
T901814F3
B501814F3
T90101600
B50101600
T00000300
B4000030E
T001B0000
BC01B081A
T80380000
BC0383800
T00390000
B40394C00
T00000300
B40000308
T90013200
B50013200
T80190000
BC0193200
T00000300
B4000030B
T801C0000
B401C2800
T00110000
BC0112800
T00000300
BC0000303
T00120000
BC0120180
T801A0000
BC01A3400
T00000300
BC000030A
T10181500
BD0181500
T90101480
B50101480
T00000300
BC0000300
T001B0000
B401B0800
T80380000
B40383900
T00390000
BC0395000
T00000300
BC000030A
T10013280
BD0013280
T80190000
B40193240
T00000300
B40000302
T801C0000
BC01C2840
T00110000
B40112A00
T00000300
B4000030E
T00120000
BC0120183
T801A0000
B401A341A
T00000300
B40000308
T9018150D
B5018150D
T90101500
B50101500
T00000300
B4000030B
T001B0000
BC01B07E6
T80380000
BC0383700
T00390000
B40394F00
T00000300
BC0000303
T10013300
BD0013300
T80190000
B40193280
T00000300
BC000030A
T801C0000
BC01C2880
T00110000
B40112C00
T00000300
BC0000300
T00120000
BC0120185
T801A0000
BC01A3433
T00000300
BC000030A
T9018151A
B5018151A
T10101580
BD0101580
T00000300
B40000302
T001B0000
BC01B07CD
T80380000
BC0383800
T00390000
BC0394E00
T00000300
B4000030E
T90013380
B50013380
T80190000
BC01932C0
T00000300
B40000308
T801C0000
B401C28C0
T00110000
BC0112E00
T00000300
B4000030B
T00120000
B40120188
T801A0000
BC01A344D
T00000300
BC0000303
T90181526
B50181526
T90101600
B50101600
T00000300
BC000030A
T001B0000
BC01B07B3
T80380000
B40383900
T00390000
BC0394D00
T00000300
BC0000300
T90013400
B50013400
T80190000
B40193300
T00000300
BC000030A
T801C0000
BC01C2900
T00110000
BC0113000
T00000300
B40000302
T00120000
BC012018A
T801A0000
BC01A3466
T00000300
B4000030E
T10181533
BD0181533
T90101480
B50101480
T00000300
B40000308
T001B0000
B401B079A
T80380000
BC0383700
T00390000
B40394C00
T00000300
B4000030B
T10013480
BD0013480
T80190000
BC0193340
T00000300
BC0000303
T801C0000
B401C2940
T00110000
B40113200
T00000300
BC000030A
T00120000
B4012018D
T801A0000
B401A3480
T00000300
BC0000300
T90181540
B50181540
T90101500
B50101500
T00000300
BC000030A
T001B0000
BC01B0780
T80380000
BC0383800
T00390000
BC0395000
T00000300
B40000302
T10013500
BD0013500
T80190000
BC0193380
T00000300
B4000030E
T801C0000
B401C2980
T00110000
B40113400
T00000300
B40000308
T00120000
BC012018F
T801A0000
BC01A349A
T00000300
B4000030B
T1018154D
BD018154D
T10101580
BD0101580
T00000300
BC0000303
T001B0000
B401B0766
T80380000
B40383900
T00390000
B40394F00
T00000300
BC000030A
T90013580
B50013580
T80190000
B401933C0
T00000300
BC0000300
T801C0000
BC01C29C0
T00110000
BC0113600
T00000300
BC000030A
T00120000
BC0120192
T801A0000
B401A34B3
T00000300
B40000302
T1018155A
BD018155A
T90101600
B50101600
T00000300
B4000030E
T001B0000
B401B074D
T80380000
BC0383700
T00390000
BC0394E00
T00000300
B40000308
T10013600
BD0013600
T80190000
BC0193400
T00000300
B4000030B
T801C0000
BC01C2A00
T00110000
B40113800
T00000300
BC0000303
T00120000
BC0120194
T801A0000
B401A34CD
T00000300
BC000030A
T10181566
BD0181566
T90101480
B50101480
T00000300
BC0000300
T001B0000
B401B0733
T80380000
BC0383800
T00390000
BC0394D00
T00000300
BC000030A
T90013680
B50013680
T80190000
B40193440
T00000300
B40000302
T801C0000
B401C2A40
T00110000
BC0113A00
T00000300
B4000030E
T00120000
BC0120197
T801A0000
B401A34E6
T00000300
B40000308
T90181573
B50181573
T90101500
B50101500
T00000300
B4000030B
T001B0000
BC01B071A
T80380000
B40383900
T00390000
B40394C00
T00000300
BC0000303
T90013700
B50013700
T80190000
B40193480
T00000300
BC000030A
T801C0000
B401C2A80
T00110000
BC0113C00
T00000300
BC0000300
T00120000
BC0120180
T801A0000
B401A3500
T00000300
BC000030A
T90181580
B50181580
T10101580
BD0101580
T00000300
B40000302
T001B0000
B401B0700
T80380000
BC0383700
T00390000
BC0395000
T00000300
B4000030E
T10013780
BD0013780
T80190000
BC01934C0
T00000300
B40000308
T801C0000
BC01C2AC0
T00110000
B40113E00
T00000300
B4000030B
T00120000
BC0120183
T801A0000
BC01A351A
T00000300
BC0000303
T1018158D
BD018158D
T90101600
B50101600
T00000300
BC000030A
T001B0000
B401B06E6
T80380000
BC0383800
T00390000
B40394F00
T00000300
BC0000300
T90013800
B50013800
T80190000
B40193500
T00000300
BC000030A
T801C0000
B401C2B00
T00110000
B40114000
T00000300
B40000302
T00120000
BC0120185
T801A0000
B401A3533
T00000300
B4000030E
T1018159A
BD018159A
T90101480
B50101480
T00000300
B40000308
T001B0000
B401B06CD
T80380000
B40383900
T00390000
BC0394E00
T00000300
B4000030B
T10013880
BD0013880
T80190000
BC0193540
T00000300
BC0000303
T801C0000
BC01C2B40
T00110000
BC0114200
T00000300
BC000030A
T00120000
B40120188
T801A0000
B401A354D
T00000300
BC0000300
T101815A6
BD01815A6
T90101500
B50101500
T00000300
BC000030A
T001B0000
B401B06B3
T80380000
BC0383700
T00390000
BC0394D00
T00000300
B40000302
T10013900
BD0013900
T80190000
BC0193580
T00000300
B4000030E
T801C0000
BC01C2B80
T00110000
BC0114400
T00000300
B40000308
T00120000
BC012018A
T801A0000
B401A3566
T00000300
B4000030B
T901815B3
B501815B3
T10101580
BD0101580
T00000300
BC0000303
T001B0000
BC01B069A
T80380000
BC0383800
T00390000
B40394C00
T00000300
BC000030A
T90013980
B50013980
T80190000
B401935C0
T00000300
BC0000300
T801C0000
B401C2BC0
T00110000
B40114600
T00000300
BC000030A
T00120000
B4012018D
T801A0000
BC01A3580
T00000300
B40000302
T101815C0
BD01815C0
T90101600
B50101600
T00000300
B4000030E
T001B0000
B401B0680
T80380000
B40383900
T00390000
BC0395000
T00000300
B40000308
T10013A00
BD0013A00
T80190000
B40193600
T00000300
B4000030B
T801C0000
BC01C2C00
T00110000
BC0114800
T00000300
BC0000303
T00120000
BC012018F
T801A0000
B401A359A
T00000300
BC000030A
T901815CD
B501815CD
T90101480
B50101480
T00000300
BC0000300
T001B0000
BC01B0666
T80380000
BC0383700
T00390000
B40394F00
T00000300
BC000030A
T90013A80
B50013A80
T80190000
BC0193640
T00000300
B40000302
T801C0000
B401C2C40
T00110000
B40114A00
T00000300
B4000030E
T00120000
BC0120192
T801A0000
BC01A35B3
T00000300
B40000308
T901815DA
B501815DA
T90101500
B50101500
T00000300
B4000030B
T001B0000
BC01B064D
T80380000
BC0383800
T00390000
BC0394E00
T00000300
BC0000303
T90013B00
B50013B00
T80190000
BC0193680
T00000300
BC000030A
T801C0000
B401C2C80
T00110000
B40114C00
T00000300
BC0000300
T00120000
BC0120194
T801A0000
BC01A35CD
T00000300
BC000030A
T901815E6
B501815E6
T10101580
BD0101580
T00000300
B40000302
T001B0000
BC01B0633
T80380000
B40383900
T00390000
BC0394D00
T00000300
B4000030E
T10013B80
BD0013B80
T80190000
B401936C0
T00000300
B40000308
T801C0000
BC01C2CC0
T00110000
BC0114E00
T00000300
B4000030B
T00120000
BC0120197
T801A0000
BC01A35E6
T00000300
BC0000303
T101815F3
BD01815F3
T90101600
B50101600
T00000300
BC000030A
T001B0000
B401B061A
T80380000
BC0383700
T00390000
B40394C00
